{"synthetic": false,
 "outputs": "14285700017714265448",
 "log":
 [{"message":
   ".> c:\\Users\\wenye\\.elan\\toolchains\\leanprover--lean4---v4.23.0\\bin\\clang.exe -o D:\\academicCourse\\DiscreteMath\\lean\\test\\r\\.lake\\build\\bin\\r.exe @D:\\academicCourse\\DiscreteMath\\lean\\test\\r\\.lake\\build\\bin\\r.exe.rsp",
   "level": "trace"}],
 "inputs":
 [["linkObjs",
   [["D:\\academicCourse\\DiscreteMath\\lean\\test\\r\\.lake\\build\\ir\\Main.c.o.noexport",
     "11863701935726610820"],
    ["D:\\academicCourse\\DiscreteMath\\lean\\test\\r\\.lake\\build\\ir\\R\\Basic.c.o.noexport",
     "1186645138658447675"],
    ["D:\\academicCourse\\DiscreteMath\\lean\\test\\r\\.lake\\build\\ir\\R.c.o.noexport",
     "7243017018676179498"]]],
  ["linkLibs", "1723"],
  ["Lean 4.23.0, commit 50aaf682e9b74ab92880292a25c68baa1cc81c87",
   "5786258275165720599"],
  ["traceArgs: #[]", "1723"],
  ["x86_64-w64-windows-gnu", "3894966287860160785"]],
 "depHash": "536951867254580065"}